python : C:\Users\Admin\maios\tests\test_ws_auth.py:18: StarletteDeprecationWarning: Using `httpx` with 
`starlette.testclient` is deprecated; install `httpx2` instead.
At C:\Users\Admin\AppData\Local\Temp\ps-script-95552ecf-4c02-47a5-8d6b-d72a2ab5098a.ps1:75 char:36
+ ... dmin\maios; python -m unittest discover -s tests -p "test_*.py" -q 2> ...
+                 ~~~~~~~~~~~~~~~~~~~~~~~~~~~~~~~~~~~~~~~~~~~~~~~~~~~~~~~~~
    + CategoryInfo          : NotSpecified: (C:\Users\Admin\...ttpx2` instead.:String) [], RemoteException
    + FullyQualifiedErrorId : NativeCommandError
 
  from starlette.testclient import TestClient  # noqa: E402
2026-08-13 15:47:03,620 [maios.secrets] INFO Generated per-installation secrets (installationId=c49199df...)
2026-08-13 15:47:03,655 [maios.secrets] INFO Generated per-installation secrets (installationId=6ac70a1d...)
2026-08-13 15:47:08,586 [maios.config] INFO Configuration saved to 
C:\Users\Admin\AppData\Local\Temp\tmpyv8wufvd\config\maios.json
2026-08-13 15:47:08,590 [maios.config] INFO Configuration saved to 
C:\Users\Admin\AppData\Local\Temp\tmpkhfsykgv\config\maios.json
2026-08-13 15:47:08,591 [maios.config] INFO Setup state reset
2026-08-13 15:47:08,593 [maios.config] INFO Configuration saved to 
C:\Users\Admin\AppData\Local\Temp\tmppxke9zon\config\maios.json
2026-08-13 15:47:08,599 [maios.secrets] INFO Generated per-installation secrets (installationId=31506df8...)
2026-08-13 15:47:08,600 [maios.secrets] INFO Generated per-installation secrets (installationId=566afead...)
2026-08-13 15:47:08,644 [maios.secrets] INFO Generated per-installation secrets (installationId=7e3b1234...)
2026-08-13 15:47:15,597 [maios.process] INFO Updated cloud.env paths for current install
2026-08-13 15:47:15,812 [maios.queue] INFO Purged 3 stale Hermes task failure(s)
